  Determining projects to restore...
  All projects are up-to-date for restore.
  MS.Access.MCP.Interop -> C:\My-Access-AI-Server\MS.Access.MCP.Interop\bin\Release\net8.0-windows\MS.Access.MCP.Interop.dll
C:\My-Access-AI-Server\MS.Access.MCP.Official\Program.cs(311,59): error CS1513: } expected [C:\My-Access-AI-Server\MS.Access.MCP.Official\MS.Access.MCP.Official.csproj]
C:\My-Access-AI-Server\MS.Access.MCP.Official\Program.cs(311,59): error CS1002: ; expected [C:\My-Access-AI-Server\MS.Access.MCP.Official\MS.Access.MCP.Official.csproj]
C:\My-Access-AI-Server\MS.Access.MCP.Official\Program.cs(311,64): error CS1001: Identifier expected [C:\My-Access-AI-Server\MS.Access.MCP.Official\MS.Access.MCP.Official.csproj]
C:\My-Access-AI-Server\MS.Access.MCP.Official\Program.cs(311,64): error CS1514: { expected [C:\My-Access-AI-Server\MS.Access.MCP.Official\MS.Access.MCP.Official.csproj]
C:\My-Access-AI-Server\MS.Access.MCP.Official\Program.cs(311,64): error CS1513: } expected [C:\My-Access-AI-Server\MS.Access.MCP.Official\MS.Access.MCP.Official.csproj]
C:\My-Access-AI-Server\MS.Access.MCP.Official\Program.cs(311,64): error CS1519: Invalid token '=' in class, record, struct, or interface member declaration [C:\My-Access-AI-Server\MS.Access.MCP.Official\MS.Access.MCP.Official.csproj]
C:\My-Access-AI-Server\MS.Access.MCP.Official\Program.cs(311,79): error CS1519: Invalid token '{' in class, record, struct, or interface member declaration [C:\My-Access-AI-Server\MS.Access.MCP.Official\MS.Access.MCP.Official.csproj]
C:\My-Access-AI-Server\MS.Access.MCP.Official\Program.cs(311,114): error CS1022: Type or namespace definition, or end-of-file expected [C:\My-Access-AI-Server\MS.Access.MCP.Official\MS.Access.MCP.Official.csproj]
C:\My-Access-AI-Server\MS.Access.MCP.Official\Program.cs(311,115): error CS1022: Type or namespace definition, or end-of-file expected [C:\My-Access-AI-Server\MS.Access.MCP.Official\MS.Access.MCP.Official.csproj]
C:\My-Access-AI-Server\MS.Access.MCP.Official\Program.cs(312,29): error CS8803: Top-level statements must precede namespace and type declarations. [C:\My-Access-AI-Server\MS.Access.MCP.Official\MS.Access.MCP.Official.csproj]
C:\My-Access-AI-Server\MS.Access.MCP.Official\Program.cs(312,97): error CS1002: ; expected [C:\My-Access-AI-Server\MS.Access.MCP.Official\MS.Access.MCP.Official.csproj]
C:\My-Access-AI-Server\MS.Access.MCP.Official\Program.cs(313,25): error CS1022: Type or namespace definition, or end-of-file expected [C:\My-Access-AI-Server\MS.Access.MCP.Official\MS.Access.MCP.Official.csproj]
C:\My-Access-AI-Server\MS.Access.MCP.Official\Program.cs(313,26): error CS1022: Type or namespace definition, or end-of-file expected [C:\My-Access-AI-Server\MS.Access.MCP.Official\MS.Access.MCP.Official.csproj]
C:\My-Access-AI-Server\MS.Access.MCP.Official\Program.cs(314,58): error CS1002: ; expected [C:\My-Access-AI-Server\MS.Access.MCP.Official\MS.Access.MCP.Official.csproj]
C:\My-Access-AI-Server\MS.Access.MCP.Official\Program.cs(315,21): error CS1022: Type or namespace definition, or end-of-file expected [C:\My-Access-AI-Server\MS.Access.MCP.Official\MS.Access.MCP.Official.csproj]
C:\My-Access-AI-Server\MS.Access.MCP.Official\Program.cs(316,17): error CS1022: Type or namespace definition, or end-of-file expected [C:\My-Access-AI-Server\MS.Access.MCP.Official\MS.Access.MCP.Official.csproj]
C:\My-Access-AI-Server\MS.Access.MCP.Official\Program.cs(316,18): error CS1022: Type or namespace definition, or end-of-file expected [C:\My-Access-AI-Server\MS.Access.MCP.Official\MS.Access.MCP.Official.csproj]
C:\My-Access-AI-Server\MS.Access.MCP.Official\Program.cs(317,163): error CS1002: ; expected [C:\My-Access-AI-Server\MS.Access.MCP.Official\MS.Access.MCP.Official.csproj]
C:\My-Access-AI-Server\MS.Access.MCP.Official\Program.cs(317,163): error CS1022: Type or namespace definition, or end-of-file expected [C:\My-Access-AI-Server\MS.Access.MCP.Official\MS.Access.MCP.Official.csproj]
C:\My-Access-AI-Server\MS.Access.MCP.Official\Program.cs(318,156): error CS1002: ; expected [C:\My-Access-AI-Server\MS.Access.MCP.Official\MS.Access.MCP.Official.csproj]
C:\My-Access-AI-Server\MS.Access.MCP.Official\Program.cs(318,156): error CS1022: Type or namespace definition, or end-of-file expected [C:\My-Access-AI-Server\MS.Access.MCP.Official\MS.Access.MCP.Official.csproj]
C:\My-Access-AI-Server\MS.Access.MCP.Official\Program.cs(319,146): error CS1002: ; expected [C:\My-Access-AI-Server\MS.Access.MCP.Official\MS.Access.MCP.Official.csproj]
C:\My-Access-AI-Server\MS.Access.MCP.Official\Program.cs(319,146): error CS1022: Type or namespace definition, or end-of-file expected [C:\My-Access-AI-Server\MS.Access.MCP.Official\MS.Access.MCP.Official.csproj]
C:\My-Access-AI-Server\MS.Access.MCP.Official\Program.cs(320,223): error CS1002: ; expected [C:\My-Access-AI-Server\MS.Access.MCP.Official\MS.Access.MCP.Official.csproj]
C:\My-Access-AI-Server\MS.Access.MCP.Official\Program.cs(320,223): error CS1022: Type or namespace definition, or end-of-file expected [C:\My-Access-AI-Server\MS.Access.MCP.Official\MS.Access.MCP.Official.csproj]
C:\My-Access-AI-Server\MS.Access.MCP.Official\Program.cs(321,237): error CS1002: ; expected [C:\My-Access-AI-Server\MS.Access.MCP.Official\MS.Access.MCP.Official.csproj]
C:\My-Access-AI-Server\MS.Access.MCP.Official\Program.cs(321,237): error CS1022: Type or namespace definition, or end-of-file expected [C:\My-Access-AI-Server\MS.Access.MCP.Official\MS.Access.MCP.Official.csproj]
C:\My-Access-AI-Server\MS.Access.MCP.Official\Program.cs(322,295): error CS1002: ; expected [C:\My-Access-AI-Server\MS.Access.MCP.Official\MS.Access.MCP.Official.csproj]
C:\My-Access-AI-Server\MS.Access.MCP.Official\Program.cs(322,295): error CS1022: Type or namespace definition, or end-of-file expected [C:\My-Access-AI-Server\MS.Access.MCP.Official\MS.Access.MCP.Official.csproj]
C:\My-Access-AI-Server\MS.Access.MCP.Official\Program.cs(323,393): error CS1002: ; expected [C:\My-Access-AI-Server\MS.Access.MCP.Official\MS.Access.MCP.Official.csproj]
C:\My-Access-AI-Server\MS.Access.MCP.Official\Program.cs(323,393): error CS1022: Type or namespace definition, or end-of-file expected [C:\My-Access-AI-Server\MS.Access.MCP.Official\MS.Access.MCP.Official.csproj]
C:\My-Access-AI-Server\MS.Access.MCP.Official\Program.cs(324,237): error CS1002: ; expected [C:\My-Access-AI-Server\MS.Access.MCP.Official\MS.Access.MCP.Official.csproj]
C:\My-Access-AI-Server\MS.Access.MCP.Official\Program.cs(324,237): error CS1022: Type or namespace definition, or end-of-file expected [C:\My-Access-AI-Server\MS.Access.MCP.Official\MS.Access.MCP.Official.csproj]
C:\My-Access-AI-Server\MS.Access.MCP.Official\Program.cs(325,241): error CS1002: ; expected [C:\My-Access-AI-Server\MS.Access.MCP.Official\MS.Access.MCP.Official.csproj]
C:\My-Access-AI-Server\MS.Access.MCP.Official\Program.cs(325,241): error CS1022: Type or namespace definition, or end-of-file expected [C:\My-Access-AI-Server\MS.Access.MCP.Official\MS.Access.MCP.Official.csproj]
C:\My-Access-AI-Server\MS.Access.MCP.Official\Program.cs(326,232): error CS1002: ; expected [C:\My-Access-AI-Server\MS.Access.MCP.Official\MS.Access.MCP.Official.csproj]
C:\My-Access-AI-Server\MS.Access.MCP.Official\Program.cs(326,232): error CS1022: Type or namespace definition, or end-of-file expected [C:\My-Access-AI-Server\MS.Access.MCP.Official\MS.Access.MCP.Official.csproj]
C:\My-Access-AI-Server\MS.Access.MCP.Official\Program.cs(327,245): error CS1002: ; expected [C:\My-Access-AI-Server\MS.Access.MCP.Official\MS.Access.MCP.Official.csproj]
C:\My-Access-AI-Server\MS.Access.MCP.Official\Program.cs(327,245): error CS1022: Type or namespace definition, or end-of-file expected [C:\My-Access-AI-Server\MS.Access.MCP.Official\MS.Access.MCP.Official.csproj]
C:\My-Access-AI-Server\MS.Access.MCP.Official\Program.cs(328,249): error CS1002: ; expected [C:\My-Access-AI-Server\MS.Access.MCP.Official\MS.Access.MCP.Official.csproj]
C:\My-Access-AI-Server\MS.Access.MCP.Official\Program.cs(328,249): error CS1022: Type or namespace definition, or end-of-file expected [C:\My-Access-AI-Server\MS.Access.MCP.Official\MS.Access.MCP.Official.csproj]
C:\My-Access-AI-Server\MS.Access.MCP.Official\Program.cs(329,240): error CS1002: ; expected [C:\My-Access-AI-Server\MS.Access.MCP.Official\MS.Access.MCP.Official.csproj]
C:\My-Access-AI-Server\MS.Access.MCP.Official\Program.cs(330,13): error CS1022: Type or namespace definition, or end-of-file expected [C:\My-Access-AI-Server\MS.Access.MCP.Official\MS.Access.MCP.Official.csproj]
C:\My-Access-AI-Server\MS.Access.MCP.Official\Program.cs(331,9): error CS1022: Type or namespace definition, or end-of-file expected [C:\My-Access-AI-Server\MS.Access.MCP.Official\MS.Access.MCP.Official.csproj]
C:\My-Access-AI-Server\MS.Access.MCP.Official\Program.cs(332,5): error CS1022: Type or namespace definition, or end-of-file expected [C:\My-Access-AI-Server\MS.Access.MCP.Official\MS.Access.MCP.Official.csproj]
C:\My-Access-AI-Server\MS.Access.MCP.Official\Program.cs(1013,1): error CS1022: Type or namespace definition, or end-of-file expected [C:\My-Access-AI-Server\MS.Access.MCP.Official\MS.Access.MCP.Official.csproj]

Build FAILED.

C:\My-Access-AI-Server\MS.Access.MCP.Official\Program.cs(311,59): error CS1513: } expected [C:\My-Access-AI-Server\MS.Access.MCP.Official\MS.Access.MCP.Official.csproj]
C:\My-Access-AI-Server\MS.Access.MCP.Official\Program.cs(311,59): error CS1002: ; expected [C:\My-Access-AI-Server\MS.Access.MCP.Official\MS.Access.MCP.Official.csproj]
C:\My-Access-AI-Server\MS.Access.MCP.Official\Program.cs(311,64): error CS1001: Identifier expected [C:\My-Access-AI-Server\MS.Access.MCP.Official\MS.Access.MCP.Official.csproj]
C:\My-Access-AI-Server\MS.Access.MCP.Official\Program.cs(311,64): error CS1514: { expected [C:\My-Access-AI-Server\MS.Access.MCP.Official\MS.Access.MCP.Official.csproj]
C:\My-Access-AI-Server\MS.Access.MCP.Official\Program.cs(311,64): error CS1513: } expected [C:\My-Access-AI-Server\MS.Access.MCP.Official\MS.Access.MCP.Official.csproj]
C:\My-Access-AI-Server\MS.Access.MCP.Official\Program.cs(311,64): error CS1519: Invalid token '=' in class, record, struct, or interface member declaration [C:\My-Access-AI-Server\MS.Access.MCP.Official\MS.Access.MCP.Official.csproj]
C:\My-Access-AI-Server\MS.Access.MCP.Official\Program.cs(311,79): error CS1519: Invalid token '{' in class, record, struct, or interface member declaration [C:\My-Access-AI-Server\MS.Access.MCP.Official\MS.Access.MCP.Official.csproj]
C:\My-Access-AI-Server\MS.Access.MCP.Official\Program.cs(311,114): error CS1022: Type or namespace definition, or end-of-file expected [C:\My-Access-AI-Server\MS.Access.MCP.Official\MS.Access.MCP.Official.csproj]
C:\My-Access-AI-Server\MS.Access.MCP.Official\Program.cs(311,115): error CS1022: Type or namespace definition, or end-of-file expected [C:\My-Access-AI-Server\MS.Access.MCP.Official\MS.Access.MCP.Official.csproj]
C:\My-Access-AI-Server\MS.Access.MCP.Official\Program.cs(312,29): error CS8803: Top-level statements must precede namespace and type declarations. [C:\My-Access-AI-Server\MS.Access.MCP.Official\MS.Access.MCP.Official.csproj]
C:\My-Access-AI-Server\MS.Access.MCP.Official\Program.cs(312,97): error CS1002: ; expected [C:\My-Access-AI-Server\MS.Access.MCP.Official\MS.Access.MCP.Official.csproj]
C:\My-Access-AI-Server\MS.Access.MCP.Official\Program.cs(313,25): error CS1022: Type or namespace definition, or end-of-file expected [C:\My-Access-AI-Server\MS.Access.MCP.Official\MS.Access.MCP.Official.csproj]
C:\My-Access-AI-Server\MS.Access.MCP.Official\Program.cs(313,26): error CS1022: Type or namespace definition, or end-of-file expected [C:\My-Access-AI-Server\MS.Access.MCP.Official\MS.Access.MCP.Official.csproj]
C:\My-Access-AI-Server\MS.Access.MCP.Official\Program.cs(314,58): error CS1002: ; expected [C:\My-Access-AI-Server\MS.Access.MCP.Official\MS.Access.MCP.Official.csproj]
C:\My-Access-AI-Server\MS.Access.MCP.Official\Program.cs(315,21): error CS1022: Type or namespace definition, or end-of-file expected [C:\My-Access-AI-Server\MS.Access.MCP.Official\MS.Access.MCP.Official.csproj]
C:\My-Access-AI-Server\MS.Access.MCP.Official\Program.cs(316,17): error CS1022: Type or namespace definition, or end-of-file expected [C:\My-Access-AI-Server\MS.Access.MCP.Official\MS.Access.MCP.Official.csproj]
C:\My-Access-AI-Server\MS.Access.MCP.Official\Program.cs(316,18): error CS1022: Type or namespace definition, or end-of-file expected [C:\My-Access-AI-Server\MS.Access.MCP.Official\MS.Access.MCP.Official.csproj]
C:\My-Access-AI-Server\MS.Access.MCP.Official\Program.cs(317,163): error CS1002: ; expected [C:\My-Access-AI-Server\MS.Access.MCP.Official\MS.Access.MCP.Official.csproj]
C:\My-Access-AI-Server\MS.Access.MCP.Official\Program.cs(317,163): error CS1022: Type or namespace definition, or end-of-file expected [C:\My-Access-AI-Server\MS.Access.MCP.Official\MS.Access.MCP.Official.csproj]
C:\My-Access-AI-Server\MS.Access.MCP.Official\Program.cs(318,156): error CS1002: ; expected [C:\My-Access-AI-Server\MS.Access.MCP.Official\MS.Access.MCP.Official.csproj]
C:\My-Access-AI-Server\MS.Access.MCP.Official\Program.cs(318,156): error CS1022: Type or namespace definition, or end-of-file expected [C:\My-Access-AI-Server\MS.Access.MCP.Official\MS.Access.MCP.Official.csproj]
C:\My-Access-AI-Server\MS.Access.MCP.Official\Program.cs(319,146): error CS1002: ; expected [C:\My-Access-AI-Server\MS.Access.MCP.Official\MS.Access.MCP.Official.csproj]
C:\My-Access-AI-Server\MS.Access.MCP.Official\Program.cs(319,146): error CS1022: Type or namespace definition, or end-of-file expected [C:\My-Access-AI-Server\MS.Access.MCP.Official\MS.Access.MCP.Official.csproj]
C:\My-Access-AI-Server\MS.Access.MCP.Official\Program.cs(320,223): error CS1002: ; expected [C:\My-Access-AI-Server\MS.Access.MCP.Official\MS.Access.MCP.Official.csproj]
C:\My-Access-AI-Server\MS.Access.MCP.Official\Program.cs(320,223): error CS1022: Type or namespace definition, or end-of-file expected [C:\My-Access-AI-Server\MS.Access.MCP.Official\MS.Access.MCP.Official.csproj]
C:\My-Access-AI-Server\MS.Access.MCP.Official\Program.cs(321,237): error CS1002: ; expected [C:\My-Access-AI-Server\MS.Access.MCP.Official\MS.Access.MCP.Official.csproj]
C:\My-Access-AI-Server\MS.Access.MCP.Official\Program.cs(321,237): error CS1022: Type or namespace definition, or end-of-file expected [C:\My-Access-AI-Server\MS.Access.MCP.Official\MS.Access.MCP.Official.csproj]
C:\My-Access-AI-Server\MS.Access.MCP.Official\Program.cs(322,295): error CS1002: ; expected [C:\My-Access-AI-Server\MS.Access.MCP.Official\MS.Access.MCP.Official.csproj]
C:\My-Access-AI-Server\MS.Access.MCP.Official\Program.cs(322,295): error CS1022: Type or namespace definition, or end-of-file expected [C:\My-Access-AI-Server\MS.Access.MCP.Official\MS.Access.MCP.Official.csproj]
C:\My-Access-AI-Server\MS.Access.MCP.Official\Program.cs(323,393): error CS1002: ; expected [C:\My-Access-AI-Server\MS.Access.MCP.Official\MS.Access.MCP.Official.csproj]
C:\My-Access-AI-Server\MS.Access.MCP.Official\Program.cs(323,393): error CS1022: Type or namespace definition, or end-of-file expected [C:\My-Access-AI-Server\MS.Access.MCP.Official\MS.Access.MCP.Official.csproj]
C:\My-Access-AI-Server\MS.Access.MCP.Official\Program.cs(324,237): error CS1002: ; expected [C:\My-Access-AI-Server\MS.Access.MCP.Official\MS.Access.MCP.Official.csproj]
C:\My-Access-AI-Server\MS.Access.MCP.Official\Program.cs(324,237): error CS1022: Type or namespace definition, or end-of-file expected [C:\My-Access-AI-Server\MS.Access.MCP.Official\MS.Access.MCP.Official.csproj]
C:\My-Access-AI-Server\MS.Access.MCP.Official\Program.cs(325,241): error CS1002: ; expected [C:\My-Access-AI-Server\MS.Access.MCP.Official\MS.Access.MCP.Official.csproj]
C:\My-Access-AI-Server\MS.Access.MCP.Official\Program.cs(325,241): error CS1022: Type or namespace definition, or end-of-file expected [C:\My-Access-AI-Server\MS.Access.MCP.Official\MS.Access.MCP.Official.csproj]
C:\My-Access-AI-Server\MS.Access.MCP.Official\Program.cs(326,232): error CS1002: ; expected [C:\My-Access-AI-Server\MS.Access.MCP.Official\MS.Access.MCP.Official.csproj]
C:\My-Access-AI-Server\MS.Access.MCP.Official\Program.cs(326,232): error CS1022: Type or namespace definition, or end-of-file expected [C:\My-Access-AI-Server\MS.Access.MCP.Official\MS.Access.MCP.Official.csproj]
C:\My-Access-AI-Server\MS.Access.MCP.Official\Program.cs(327,245): error CS1002: ; expected [C:\My-Access-AI-Server\MS.Access.MCP.Official\MS.Access.MCP.Official.csproj]
C:\My-Access-AI-Server\MS.Access.MCP.Official\Program.cs(327,245): error CS1022: Type or namespace definition, or end-of-file expected [C:\My-Access-AI-Server\MS.Access.MCP.Official\MS.Access.MCP.Official.csproj]
C:\My-Access-AI-Server\MS.Access.MCP.Official\Program.cs(328,249): error CS1002: ; expected [C:\My-Access-AI-Server\MS.Access.MCP.Official\MS.Access.MCP.Official.csproj]
C:\My-Access-AI-Server\MS.Access.MCP.Official\Program.cs(328,249): error CS1022: Type or namespace definition, or end-of-file expected [C:\My-Access-AI-Server\MS.Access.MCP.Official\MS.Access.MCP.Official.csproj]
C:\My-Access-AI-Server\MS.Access.MCP.Official\Program.cs(329,240): error CS1002: ; expected [C:\My-Access-AI-Server\MS.Access.MCP.Official\MS.Access.MCP.Official.csproj]
C:\My-Access-AI-Server\MS.Access.MCP.Official\Program.cs(330,13): error CS1022: Type or namespace definition, or end-of-file expected [C:\My-Access-AI-Server\MS.Access.MCP.Official\MS.Access.MCP.Official.csproj]
C:\My-Access-AI-Server\MS.Access.MCP.Official\Program.cs(331,9): error CS1022: Type or namespace definition, or end-of-file expected [C:\My-Access-AI-Server\MS.Access.MCP.Official\MS.Access.MCP.Official.csproj]
C:\My-Access-AI-Server\MS.Access.MCP.Official\Program.cs(332,5): error CS1022: Type or namespace definition, or end-of-file expected [C:\My-Access-AI-Server\MS.Access.MCP.Official\MS.Access.MCP.Official.csproj]
C:\My-Access-AI-Server\MS.Access.MCP.Official\Program.cs(1013,1): error CS1022: Type or namespace definition, or end-of-file expected [C:\My-Access-AI-Server\MS.Access.MCP.Official\MS.Access.MCP.Official.csproj]
    0 Warning(s)
    46 Error(s)

Time Elapsed 00:00:01.69
